=== E14 · ObjectStore 双向保真测试（任务书外，执行人追加）===
时刻：2026-08-17

样本：probe/verify/e14_objectstore_marker.txt
  252 字节
  sha256 D640A10729154ED07FF66C9FC30873D622E0AA5C9CBB109EFAC4E57EE6D2F121
  内容含多行 / UTF-8 中文与全角 / JSON 与尖括号等特殊字符 / 行尾空格 / 长行

=== CMD: lean cloud object-store set "tr2probe-e14-marker.txt" <src> ===
Setting object tr2probe-e14-marker.txt in organization
954877bda8b6760ae398418ce79a5500
--- exit code: 0 ---

=== CMD: lean cloud object-store properties "tr2probe-e14-marker.txt" ===
Bytes  Modified              Filename                 Preview
252    2026-08-17T13:25:59Z  tr2probe-e14-marker.txt  probe-mark
--- exit code: 0 ---

=== CMD: lean cloud object-store list ===
Key                       Bytes  Folder  Filename
/tr2probe-e14-marker.txt  252    False   tr2probe-e14-marker.txt
--- exit code: 0 ---

=== CMD: lean cloud object-store get "tr2probe-e14-marker.txt" --destination-folder ../probe/verify/objectstore_roundtrip ===
Fetching object store download url
Error: Due to data licensing restrictions, export from the object-store can
only be enabled for Institutional accounts. If you're interested in enabling
this feature for your organization please contact support@quantconnect.com to
learn more.
--- exit code: 1 ---
--- 目标目录为空，未落任何文件 ---
--- 字节保真与编码保真无法验证：数据取不回来 ---

=== 结论 ===
ObjectStore 在当前账户为单向通道：set / list / properties 通，get 被拒。
导出所需档位为 Institutional accounts，高于本次信用卡验证后所达档位。
此为全任务第二道档位闸门，与 E6 的 upgrade-to-paid 不是同一道。

=== 遗留物（未清除）===
云端 ObjectStore key /tr2probe-e14-marker.txt，252 字节。
object-store delete 为破坏性操作，本会话未执行。
