=== E24 · Research 会话编程访问探测（任务书外，执行人已授权）===
时刻（本机 UTC）: Mon Aug 17 14:54:56 UTC 2026

=== research/read 会话句柄（值已遮蔽）===
  sessionId : <REDACTED>（长度 34）
  token     : <REDACTED>（长度 64）
  nodeId    : RN-cfd071182d13803f49be6fa37a5d8b5c
  uri host  : node22.compute.quantconnect.com

######################################################################
# 认证方式：Authorization 头
######################################################################
[200] GET /api/status   —— Jupyter 服务状态
        JSON dict, 键: ['connections', 'kernels', 'last_activity', 'started']

[200] GET /api/kernelspecs   —— 可用内核规格
        JSON dict, 键: ['default', 'kernelspecs']

[200] GET /api/kernels   —— 运行中的内核
        JSON list, 1 项
          ['id', 'name', 'last_activity', 'execution_state', 'connections']

[200] GET /api/sessions   —— 运行中的会话
        JSON list, 1 项
          ['id', 'path', 'name', 'type', 'kernel', 'notebook']

[200] GET /api/contents   —— 文件树根
        JSON dict, 键: ['name', 'path', 'last_modified', 'created', 'content', 'format', 'mimetype', 'size', 'writable', 'hash', 'hash_algorithm', 'type']

[200] GET /api/contents/research.ipynb   —— notebook 内容（关键：是否含 outputs）
        JSON dict, 键: ['name', 'path', 'last_modified', 'created', 'content', 'format', 'mimetype', 'size', 'writable', 'hash', 'hash_algorithm', 'type']
        cells: 2
        >>> outputs 总数: 0 <<<

[404] GET /api/terminals   —— 终端
        <!DOCTYPE HTML>
<html>

<head>

    <meta charset="utf-8">

    <title>Jupyter Server</title>
    <link id="favicon" rel="shortcut icon" type="image/x-icon" href="/<REDACTED>/static/favicon.ico?v=<RED

[200] GET /lab/api/settings   —— JupyterLab 设置
        JSON dict, 键: ['settings']

######################################################################
# 认证方式：token 查询参数
######################################################################
[200] GET /api/status   —— Jupyter 服务状态
        JSON dict, 键: ['connections', 'kernels', 'last_activity', 'started']

[200] GET /api/kernelspecs   —— 可用内核规格
        JSON dict, 键: ['default', 'kernelspecs']

[200] GET /api/kernels   —— 运行中的内核
        JSON list, 1 项
          ['id', 'name', 'last_activity', 'execution_state', 'connections']

[200] GET /api/sessions   —— 运行中的会话
        JSON list, 1 项
          ['id', 'path', 'name', 'type', 'kernel', 'notebook']

[200] GET /api/contents   —— 文件树根
        JSON dict, 键: ['name', 'path', 'last_modified', 'created', 'content', 'format', 'mimetype', 'size', 'writable', 'hash', 'hash_algorithm', 'type']

[200] GET /api/contents/research.ipynb   —— notebook 内容（关键：是否含 outputs）
        JSON dict, 键: ['name', 'path', 'last_modified', 'created', 'content', 'format', 'mimetype', 'size', 'writable', 'hash', 'hash_algorithm', 'type']
        cells: 2
        >>> outputs 总数: 0 <<<

[404] GET /api/terminals   —— 终端
        <!DOCTYPE HTML>
<html>

<head>

    <meta charset="utf-8">

    <title>Jupyter Server</title>
    <link id="favicon" rel="shortcut icon" type="image/x-icon" href="/<REDACTED>/static/favicon.ico?v=<RED

[200] GET /lab/api/settings   —— JupyterLab 设置
        JSON dict, 键: ['settings']

######################################################################
# 汇总：HTTP 200 的端点
######################################################################
  [Authorization 头] /api/status
  [Authorization 头] /api/kernelspecs
  [Authorization 头] /api/kernels
  [Authorization 头] /api/sessions
  [Authorization 头] /api/contents
  [Authorization 头] /api/contents/research.ipynb
  [Authorization 头] /lab/api/settings
  [token 查询参数] /api/status
  [token 查询参数] /api/kernelspecs
  [token 查询参数] /api/kernels
  [token 查询参数] /api/sessions
  [token 查询参数] /api/contents
  [token 查询参数] /api/contents/research.ipynb
  [token 查询参数] /lab/api/settings
--- exit code: 0 ---

=== 追加：contents API 写入能力 + 内核状态 ===
--- 根目录 writable / 文件列表 ---
  writable: True
    notebook  research.ipynb           956
    file      probe_E19_cwd.txt        224
    directory probe_E19_sub            None
    file      probe_E19_output.json    130

--- 内核与会话（id 遮蔽）---
  kernel name=python3 state=idle conns=0
  session path=research-jvsc-a54ac842-be2d-4127-bad1-09c0e483e3f8ae52e322-2ab1-4bca-8c0c-6d07bfe3e8b3.ipynb type=notebook kernel_name=python3

--- PUT /api/contents/probe_E24_write.txt 写入测试 ---
  PUT HTTP 201
   {"name": "probe_E24_write.txt", "path": "probe_E24_write.txt", "last_modified": "2026-08-17T14:56:42.271684Z", "created": "2026-08-17T14:56:42.271684Z", "content": null, "format": null, "mimetype": "text/plain", "size": 36, "writable": true, "hash": null, "hash_algorithm": null, "type": "file"}

--- GET 回读核证 ---
  GET HTTP 200
  回读内容 == 写入内容: True
  回读 sha256: d7fd23d3a59719a2 …
  期望 sha256: d7fd23d3a59719a2 …

--- kernel channels 端点（WebSocket 升级点）存在性 ---
  HTTP 400 （426/400 = 端点存在但需 WebSocket 升级）
   Can "Upgrade" only to "WebSocket".
