=== E26 · research/create 实调（任务书外，执行人已授权）===
时刻（本机 UTC）: Mon Aug 17 15:01:12 UTC 2026
背景：free 档仅 1 个 R-MICRO 研究节点。调用前先记录节点与会话状态。

--- 调用前 nodes/read 的 research 节点状态 ---
   {"name": "Community R-MICRO", "sku": "R-MICRO", "busy": true, "id": "RN-cfd071182d13803f49be6fa37a5d8b5c"}

--- 调用前 research/read ---
  顶层键: ['sessionId', 'uri', 'token', 'nodeId', 'success']
   {"sessionId": "<REDACTED-SID>", "uri": "https://node22.compute.quantconnect.com/<REDACTED-SID>", "token": "<REDACTED-TOKEN>", "nodeId": "RN-cfd071182d13803f49be6fa37a5d8b5c", "success": true}

=== POST research/create {projectId} ===
  [OK] 顶层键: ['sessionId', 'uri', 'token', 'nodeId', 'success']
   {"sessionId": "<REDACTED-SID>", "uri": "https://node22.compute.quantconnect.com/<REDACTED-SID>", "token": "<REDACTED-TOKEN>", "nodeId": "RN-cfd071182d13803f49be6fa37a5d8b5c", "success": true}

--- 调用后 research/read ---
  顶层键: ['sessionId', 'uri', 'token', 'nodeId', 'success']
   {"sessionId": "<REDACTED-SID>", "uri": "https://node22.compute.quantconnect.com/<REDACTED-SID>", "token": "<REDACTED-TOKEN>", "nodeId": "RN-cfd071182d13803f49be6fa37a5d8b5c", "success": true}
  sessionId 是否变化: False
  token 是否变化    : False
  nodeId            : RN-cfd071182d13803f49be6fa37a5d8b5c

--- 调用后 nodes/read ---
   {"name": "Community R-MICRO", "sku": "R-MICRO", "busy": true, "id": "RN-cfd071182d13803f49be6fa37a5d8b5c"}
--- exit code: 0 ---
