=== E28 · 遗留物清理（任务书外，执行人已授权：云端与本地副本一并删除）===
时刻（本机 UTC）: Mon Aug 17 15:29:47 UTC 2026
删除目标：probe_E20_output.py / .html / .css（云端 3 + 本地 3）
留证副本：probe/verify/E20_pulled_via_fileapi.py（保留，不删）

=== 1. 云端删除（files/delete）===
  [OK]   files/delete probe_E20_output.py
  [OK]   files/delete probe_E20_output.html
  [OK]   files/delete probe_E20_output.css

=== 2. 本地删除 ===
  [OK]   rm TR2-ENV-PROBE/probe_E20_output.py
  [OK]   rm TR2-ENV-PROBE/probe_E20_output.html
  [OK]   rm TR2-ENV-PROBE/probe_E20_output.css

=== 3. 删除后核证 · 云端文件列表 ===
  云端共 2 项
    research.ipynb
    main.py
  残留 probe_E20_output.*: 无

=== 4. 删除后核证 · 本地项目目录 ===
TR2-ENV-PROBE/.idea/TR2-ENV-PROBE.iml
TR2-ENV-PROBE/.idea/misc.xml
TR2-ENV-PROBE/.idea/modules.xml
TR2-ENV-PROBE/.idea/workspace.xml
TR2-ENV-PROBE/.vscode/launch.json
TR2-ENV-PROBE/.vscode/settings.json
TR2-ENV-PROBE/config.json
TR2-ENV-PROBE/main.py
TR2-ENV-PROBE/research.ipynb

=== 5. 留证副本仍在 ===
-rw-r--r-- 1 KYJ 197609 229 Aug 17 22:33 ../probe/verify/E20_pulled_via_fileapi.py
