=== CMD: lean init （cwd=qc-workspace）===
Successfully logged in
Select the organization to use for this Lean CLI instance: Archisen Kong
Using selected organization "Archisen Kong"
Downloading latest sample data from the Lean repository...
Download Progress 10.0 MB
Download Progress 30.0 MB
Download Progress 50.0 MB
Download Progress 70.0 MB
Download Progress 90.0 MB
Download Progress 110.0 MB
Download Progress 130.0 MB
Download Progress 150.0 MB
Download Progress 170.0 MB
Download Progress 190.0 MB
Download Progress 210.0 MB
The following objects have been created:
- lean.json contains the configuration used when running the LEAN engine 
locally
- data/ contains the data that is used when running the LEAN engine locally

The following documentation pages may be useful:
- Setting up local autocomplete: 
https://www.lean.io/docs/v2/lean-cli/projects/autocomplete
- Synchronizing projects with the cloud: 
https://www.lean.io/docs/v2/lean-cli/projects/cloud-synchronization

Here are some commands to get you going:
- Run `lean create-project "My Project"` to create a new project with starter 
code
- Run `lean cloud pull` to download all your QuantConnect projects to your 
local drive
- Run `lean backtest "My Project"` to backtest a project locally with the data 
in data/
--- exit code: 0 ---
