=== E10 · 云端↔本地回传通道勘察（任务书外，执行人追加）===

=== CMD: lean cloud object-store list --help ===
Usage: lean cloud object-store list [OPTIONS] [KEY]

  List all values for the given root key in the organization's cloud object
  store.

  :param key: The desired root key to list.

Options:
  --verbose  Enable debug logging
  --help     Show this message and exit.

=== CMD: lean cloud object-store ls / ===
No objects found at 'C:/Program Files/Git/'.
(exit 0)

=== research.ipynb 是否走 push/pull 通道 · 判定测试 ===
方法：改动本地 research.ipynb → 仅执行 pull（不 push）→ 看是否被云端版本覆盖回去
     若被覆盖 = 云端有对应物，通道存在；若保持改动 = 云端无对应物

--- 改动前 sha256 ---
5a7c811cb2e422ca942829272b5e27af6615c159ec5024b9dbf6a12e58df121f *TR2-ENV-PROBE/research.ipynb

--- 注入测试标记 ---
--- 改动后 sha256 ---
273cb4e81ad0d88209980035ba4f1253aca4001ee3a8b9ad06a0ae2d3d874fc5 *TR2-ENV-PROBE/research.ipynb

=== CMD: lean cloud pull --project "TR2-ENV-PROBE" ===
[1/1] Pulling 'TR2-ENV-PROBE'
Successfully pulled 'TR2-ENV-PROBE/research.ipynb'
(exit 0)

--- pull 后 sha256 ---
5a7c811cb2e422ca942829272b5e27af6615c159ec5024b9dbf6a12e58df121f *TR2-ENV-PROBE/research.ipynb

--- 基准（prepull 快照）sha256 ---
5a7c811cb2e422ca942829272b5e27af6615c159ec5024b9dbf6a12e58df121f *../probe/verify/TR2-ENV-PROBE-prepull/research.ipynb
