=== E16 · execution_count 受控重跑（任务书外，执行人追加）===
时刻（本机 UTC）: Mon Aug 17 13:38:17 UTC 2026
执行人动作：执行 cell-2 → 确认输出显示 → 显式 Ctrl+S 保存

--- pull 前 sha256 / 字节数（E15 结果）---
57abf49f9d6e1d9e87f33ed4c553c7c972993c6ba3470bd9d878ffdd4d196163 *TR2-ENV-PROBE/research.ipynb
1544 TR2-ENV-PROBE/research.ipynb

=== CMD: lean cloud pull --project "TR2-ENV-PROBE" ===
[1/1] Pulling 'TR2-ENV-PROBE'
Successfully pulled 'TR2-ENV-PROBE/research.ipynb'
(exit 0)

--- pull 后 sha256 / 字节数 ---
42e99c9ba7651b3d43264939dc526e7098ec2de768ef544134cc338199d05589 *TR2-ENV-PROBE/research.ipynb
1541 TR2-ENV-PROBE/research.ipynb

--- execution_count 全部实例（按 cell 顺序）---
"execution_count":1
"execution_count":3
"execution_count":null

--- outputs 全部实例 ---
"outputs":[]
"outputs":[]
"outputs":[]

--- 输出类特征字符串命中计数 ---
  image/png : 0
  text/html : 0
  display_data : 0
  execute_result : 0
  stream : 0
  base64 : 0
