=== CMD: pip install --upgrade lean ===
--- stdout ---
Requirement already satisfied: lean in c:\users\kyj\appdata\local\programs\python\python310\lib\site-packages (1.0.221)
Collecting lean
  Downloading lean-1.0.228-py3-none-any.whl (332 kB)
     ------------------------------------ 332.9/332.9 kB 574.1 kB/s eta 0:00:00
Requirement already satisfied: pydantic>=2.0.0 in c:\users\kyj\appdata\local\programs\python\python310\lib\site-packages (from lean) (2.12.4)
Requirement already satisfied: rich>=9.10.0 in c:\users\kyj\appdata\local\programs\python\python310\lib\site-packages (from lean) (14.2.0)
Requirement already satisfied: requests>=2.27.1 in c:\users\kyj\appdata\local\programs\python\python310\lib\site-packages (from lean) (2.32.5)
Requirement already satisfied: python-dateutil>=2.8.2 in c:\users\kyj\appdata\local\programs\python\python310\lib\site-packages (from lean) (2.9.0.post0)
Requirement already satisfied: docker>=6.0.0 in c:\users\kyj\appdata\local\programs\python\python310\lib\site-packages (from lean) (7.1.0)
Requirement already satisfied: cryptography>=41.0.4 in c:\users\kyj\appdata\local\programs\python\python310\lib\site-packages (from lean) (46.0.3)
Requirement already satisfied: click>=8.0.4 in c:\users\kyj\appdata\local\programs\python\python310\lib\site-packages (from lean) (8.3.1)
Collecting quantconnect-stubs>=17997
  Downloading quantconnect_stubs-18001-py3-none-any.whl (1.6 MB)
     ---------------------------------------- 1.6/1.6 MB 3.4 MB/s eta 0:00:00
Requirement already satisfied: packaging in c:\users\kyj\appdata\local\programs\python\python310\lib\site-packages (from lean) (25.0)
Requirement already satisfied: json5>=0.9.8 in c:\users\kyj\appdata\local\programs\python\python310\lib\site-packages (from lean) (0.12.1)
Requirement already satisfied: joblib>=1.1.0 in c:\users\kyj\appdata\local\programs\python\python310\lib\site-packages (from lean) (1.5.2)
Requirement already satisfied: lxml>=4.9.0 in c:\users\kyj\appdata\local\programs\python\python310\lib\site-packages (from lean) (6.0.2)
Requirement already satisfied: colorama in c:\users\kyj\appdata\local\programs\python\python310\lib\site-packages (from click>=8.0.4->lean) (0.4.6)
Requirement already satisfied: cffi>=2.0.0 in c:\users\kyj\appdata\local\programs\python\python310\lib\site-packages (from cryptography>=41.0.4->lean) (2.0.0)
Requirement already satisfied: typing-extensions>=4.13.2 in c:\users\kyj\appdata\local\programs\python\python310\lib\site-packages (from cryptography>=41.0.4->lean) (4.15.0)
Requirement already satisfied: pywin32>=304 in c:\users\kyj\appdata\local\programs\python\python310\lib\site-packages (from docker>=6.0.0->lean) (311)
Requirement already satisfied: urllib3>=1.26.0 in c:\users\kyj\appdata\local\programs\python\python310\lib\site-packages (from docker>=6.0.0->lean) (2.5.0)
Requirement already satisfied: pydantic-core==2.41.5 in c:\users\kyj\appdata\local\programs\python\python310\lib\site-packages (from pydantic>=2.0.0->lean) (2.41.5)
Requirement already satisfied: annotated-types>=0.6.0 in c:\users\kyj\appdata\local\programs\python\python310\lib\site-packages (from pydantic>=2.0.0->lean) (0.7.0)
Requirement already satisfied: typing-inspection>=0.4.2 in c:\users\kyj\appdata\local\programs\python\python310\lib\site-packages (from pydantic>=2.0.0->lean) (0.4.2)
Requirement already satisfied: six>=1.5 in c:\users\kyj\appdata\local\programs\python\python310\lib\site-packages (from python-dateutil>=2.8.2->lean) (1.17.0)
Requirement already satisfied: pandas in c:\users\kyj\appdata\local\programs\python\python310\lib\site-packages (from quantconnect-stubs>=17997->lean) (2.3.3)
Requirement already satisfied: matplotlib in c:\users\kyj\appdata\local\programs\python\python310\lib\site-packages (from quantconnect-stubs>=17997->lean) (3.10.7)
Requirement already satisfied: certifi>=2017.4.17 in c:\users\kyj\appdata\local\programs\python\python310\lib\site-packages (from requests>=2.27.1->lean) (2025.11.12)
Requirement already satisfied: charset_normalizer<4,>=2 in c:\users\kyj\appdata\local\programs\python\python310\lib\site-packages (from requests>=2.27.1->lean) (3.4.4)
Requirement already satisfied: idna<4,>=2.5 in c:\users\kyj\appdata\local\programs\python\python310\lib\site-packages (from requests>=2.27.1->lean) (3.11)
Requirement already satisfied: markdown-it-py>=2.2.0 in c:\users\kyj\appdata\local\programs\python\python310\lib\site-packages (from rich>=9.10.0->lean) (4.0.0)
Requirement already satisfied: pygments<3.0.0,>=2.13.0 in c:\users\kyj\appdata\local\programs\python\python310\lib\site-packages (from rich>=9.10.0->lean) (2.19.2)
Requirement already satisfied: pycparser in c:\users\kyj\appdata\local\programs\python\python310\lib\site-packages (from cffi>=2.0.0->cryptography>=41.0.4->lean) (2.23)
Requirement already satisfied: mdurl~=0.1 in c:\users\kyj\appdata\local\programs\python\python310\lib\site-packages (from markdown-it-py>=2.2.0->rich>=9.10.0->lean) (0.1.2)
Requirement already satisfied: pyparsing>=3 in c:\users\kyj\appdata\local\programs\python\python310\lib\site-packages (from matplotlib->quantconnect-stubs>=17997->lean) (3.2.5)
Requirement already satisfied: numpy>=1.23 in c:\users\kyj\appdata\local\programs\python\python310\lib\site-packages (from matplotlib->quantconnect-stubs>=17997->lean) (2.2.6)
Requirement already satisfied: cycler>=0.10 in c:\users\kyj\appdata\local\programs\python\python310\lib\site-packages (from matplotlib->quantconnect-stubs>=17997->lean) (0.12.1)
Requirement already satisfied: kiwisolver>=1.3.1 in c:\users\kyj\appdata\local\programs\python\python310\lib\site-packages (from matplotlib->quantconnect-stubs>=17997->lean) (1.4.9)
Requirement already satisfied: contourpy>=1.0.1 in c:\users\kyj\appdata\local\programs\python\python310\lib\site-packages (from matplotlib->quantconnect-stubs>=17997->lean) (1.3.2)
Requirement already satisfied: pillow>=8 in c:\users\kyj\appdata\local\programs\python\python310\lib\site-packages (from matplotlib->quantconnect-stubs>=17997->lean) (12.0.0)
Requirement already satisfied: fonttools>=4.22.0 in c:\users\kyj\appdata\local\programs\python\python310\lib\site-packages (from matplotlib->quantconnect-stubs>=17997->lean) (4.60.1)
Requirement already satisfied: tzdata>=2022.7 in c:\users\kyj\appdata\local\programs\python\python310\lib\site-packages (from pandas->quantconnect-stubs>=17997->lean) (2025.2)
Requirement already satisfied: pytz>=2020.1 in c:\users\kyj\appdata\local\programs\python\python310\lib\site-packages (from pandas->quantconnect-stubs>=17997->lean) (2025.2)
Installing collected packages: quantconnect-stubs, lean
  Attempting uninstall: quantconnect-stubs
    Found existing installation: quantconnect-stubs 17379
    Uninstalling quantconnect-stubs-17379:
      Successfully uninstalled quantconnect-stubs-17379
  Attempting uninstall: lean
    Found existing installation: lean 1.0.221
    Uninstalling lean-1.0.221:
      Successfully uninstalled lean-1.0.221
Successfully installed lean-1.0.228 quantconnect-stubs-18001
--- stderr ---

[notice] A new release of pip is available: 23.0.1 -> 26.2.1
[notice] To update, run: python.exe -m pip install --upgrade pip
--- exit code: 0 ---

=== CMD: lean --version ===
--- stdout ---
lean 1.0.228
--- stderr ---
--- exit code: 0 ---

=== CMD: where.exe lean ===
--- stdout ---
C:\Users\KYJ\AppData\Local\Programs\Python\Python310\Scripts\lean.exe
C:\Users\KYJ\.local\bin\lean.exe
--- stderr ---
--- exit code: 0 ---

=== CMD: pip check ===
--- stdout ---
No broken requirements found.
--- stderr ---
--- exit code: 0 ---

=== CMD: C:\Users\KYJ\.local\bin\lean.exe --version ===
--- stdout ---
--- stderr ---
did not find executable at 'C:\Users\KYJ\AppData\Local\Programs\Python\Python313\python.exe': The system cannot find the path specified.

--- exit code: 103 ---
