=== α-5 材料 · statistics 键构成（27 键）===

  【收益/风险类】22 键 —— 85-9 反面条款禁采面：
     Alpha                                  0
     Annual Standard Deviation              0
     Annual Variance                        0
     Average Loss                           0%
     Average Win                            0%
     Beta                                   0
     Compounding Annual Return              0%
     Drawdown                               0%
     Drawdown Recovery                      0
     Estimated Strategy Capacity            $0
     Expectancy                             0
     Information Ratio                      0
     Loss Rate                              0%
     Lowest Capacity Asset                  
     Net Profit                             0%
     Probabilistic Sharpe Ratio             0%
     Profit-Loss Ratio                      0
     Sharpe Ratio                           0
     Sortino Ratio                          0
     Tracking Error                         0
     Treynor Ratio                          0
     Win Rate                               0%

  【非收益类】5 键：
     End Equity                             100000
     Portfolio Turnover                     0%
     Start Equity                           100000
     Total Fees                             $0.00
     Total Orders                           0

=== runtimeStatistics 之 QC 自带键（8）===
     Equity                           $100,000.00
     Fees                             -$0.00
     Holdings                         $0.00
     Net Profit                       $0.00
     Probabilistic Sharpe Ratio       0%
     Return                           0.00 %
     Unrealized                       $0.00
     Volume                           $0.00

=== 其余顶层产物面（α-5「能否只取账本量」之载体盘点）===
  charts             dict, 8 键: ['Assets Sales Volume', 'Benchmark', 'Capacity', 'Drawdown', 'Exposure', 'Portfolio Margin', 'Portfolio Turnover', 'Strategy Equity']
  rollingWindow      dict, 4 键: ['M12_20200107', 'M1_20200107', 'M3_20200107', 'M6_20200107']
  totalPerformance   dict, 3 键: ['closedTrades', 'portfolioStatistics', 'tradeStatistics']
  analysis           list, 1 项
  tradeableDates     2
  nodeName           Community B-MICRO
