=== P2' §5-1 基线快照 · 补跑 B 轮 · 只读 ===
捕获时刻(UTC): 20260818T135234Z
破坏性动作: 零 push / 零 delete / 零 set / 零 create


========================================================================
=== projects.get_all(ORG_ID) — 账户下全部云端项目   [A]
========================================================================
[OK] list, 1 项
    [WROTE] 11_projects_all_B_20260818T135234Z.json  (1350 bytes, leak-scan hits=0)

========================================================================
=== object_store.list('/', ORG_ID) — 云端 Object Store 根清单   [A]
========================================================================
[OK] dict
    [WROTE] 12_object_store_list_B_20260818T135234Z.json  (1062 bytes, leak-scan hits=0)

========================================================================
=== research/read 重试实测（5 轮，间隔 20s）  [B 类端点]
=== 依据：错误原文自带 'please retry'；E1-06 载异步须重试。逐轮全量留痕。
========================================================================
  [1/5] FAIL 耗时 120.9s  RequestFailedError: Timeout waiting for a node allocation, please retry. R-a3697c1266afadefa71cbe10f5604b45
  [2/5] FAIL 耗时 121.0s  RequestFailedError: Timeout waiting for a node allocation, please retry. R-a3697c1266afadefa71cbe10f5604b45
  [3/5] FAIL 耗时 120.9s  RequestFailedError: Timeout waiting for a node allocation, please retry. R-a3697c1266afadefa71cbe10f5604b45
  [4/5] FAIL 耗时 0.9s  RequestFailedError: Connection not found.
  [5/5] FAIL 耗时 0.8s  RequestFailedError: The requested project does not exist or you do not have the necessary permissions to access it - 35174460
    [WROTE] 13_research_read_retry_B_20260818T135234Z.json  (1900 bytes, leak-scan hits=0)

========================================================================
=== nodes.get_all(ORG_ID) — 节点状态复测（重试轮后）   [A]
========================================================================
[OK] 单对象
    [WROTE] 14_nodes_all_B_20260818T135234Z.json  (1517 bytes, leak-scan hits=0)

落位: D:\02 VolConvexityStrategy\【Strategy】VolConvesity\vol_convexity_spec(version.alpha)\00_alpha\9.QC环境探测\曳光弹（第二发-QC+IBKR）\p2prime_workdir\probe\raw
零写入云端 / 零删除 / 零遗留物触碰。
