=== P2' §5-1 基线快照 · C 轮（KD 删除项目后）· 只读 ===
捕获时刻(UTC): 20260818T140756Z
触发: KD 20260818 手动删除云端项目 TR2-ENV-PROBE (id 35174460)
不调用 research/read —— 待 KD 裁（KD-P2-03）
破坏性动作: 零 push / 零 delete / 零 set / 零 create


========================================================================
=== projects.get_all(ORG_ID) — 云端项目清单（删除后）   [A]
========================================================================
[OK] list, 0 项
    [WROTE] 21_projects_all_C_20260818T140756Z.json  (617 bytes, leak-scan hits=0)

  --- 项目面判读（事实，无推测）---
  账户下云端项目数 = 0
  旧项目 35174460 是否仍在清单: 否

========================================================================
=== files.get_all(35174460) — 旧项目文件面存在性复核   [A]
========================================================================
[OK] list, 0 项
    [WROTE] 22_old_project_files_C_20260818T140756Z.json  (703 bytes, leak-scan hits=0)

========================================================================
=== object_store.list('/', ORG_ID) — Object Store 根清单（删除后）   [A]
========================================================================
[OK] dict
    [WROTE] 23_object_store_list_C_20260818T140756Z.json  (1097 bytes, leak-scan hits=0)

========================================================================
=== nodes.get_all(ORG_ID) — 节点状态（删除后）   [A]
========================================================================
[OK] 单对象
    [WROTE] 24_nodes_all_C_20260818T140756Z.json  (1574 bytes, leak-scan hits=0)

落位: D:\02 VolConvexityStrategy\【Strategy】VolConvesity\vol_convexity_spec(version.alpha)\00_alpha\9.QC环境探测\曳光弹（第二发-QC+IBKR）\p2prime_workdir\probe\raw
零写入云端 / 零删除 / 零 research 面触碰。
