=== P2' X-1-乙 · research 内核运行位 ===
捕获时刻(UTC): 20260818T151135Z
projectId = 35315786 (P2PRIME-SHOT2)
自守: 零 push / 零 delete / 零云端文件写

--- 0. 节点状态（执行前）---
  [before] backtest  BN-1b212dcdcde815afe8432ca9c9daf1f3      busy=False usedBy='-'
  [before] research  RN-cfd071182d13803f49be6fa37a5d8b5c      busy=True  usedBy='Archisen Kong'

--- 1. research/read 会话分配（逐轮留痕）---
  [1/4] OK  耗时 1.9s
  会话句柄（值已遮蔽）: sessionId len=34, token len=64, nodeId=RN-cfd071182d13803f49be6fa37a5d8b5c

--- 2. 内核发现 ---
  内核 name=python3 state=idle conns=0

--- 3. WebSocket 执行 α-6 runner ---
  [OK] 已连接内核
  内联注入: ['cloud_payload_x1.py', 'cloud_runner_x1.py'] (8408 字符)
  execute_reply status=error exec_count=0
  stdout 落原件: x1_research_stdout_20260818T151135Z.txt (0 字符)

--- 4. 节点状态（执行后）---
  [after ] backtest  BN-1b212dcdcde815afe8432ca9c9daf1f3      busy=False usedBy='-'
  [after ] research  RN-cfd071182d13803f49be6fa37a5d8b5c      busy=True  usedBy='Archisen Kong'

======================================================================
=== X-1-乙 结果（双值并列，KD-P2-06 已采纳）===
======================================================================
  [未取得结构化结果] _kernel_stage=None

落位: D:\02 VolConvexityStrategy\【Strategy】VolConvesity\vol_convexity_spec(version.alpha)\00_alpha\9.QC环境探测\曳光弹（第二发-QC+IBKR）\p2prime_workdir\probe\raw
