=== P2' X-1-乙 · research 内核运行位 ===
捕获时刻(UTC): 20260818T151232Z
projectId = 35315786 (P2PRIME-SHOT2)
自守: 零 push / 零 delete / 零云端文件写

--- 0. 节点状态（执行前）---
  [before] backtest  BN-1b212dcdcde815afe8432ca9c9daf1f3      busy=False usedBy='-'
  [before] research  RN-cfd071182d13803f49be6fa37a5d8b5c      busy=True  usedBy='Archisen Kong'

--- 1. research/read 会话分配（逐轮留痕）---
  [1/4] OK  耗时 1.8s
  会话句柄（值已遮蔽）: sessionId len=34, token len=64, nodeId=RN-cfd071182d13803f49be6fa37a5d8b5c

--- 2. 内核发现 ---
  内核 name=python3 state=idle conns=0

--- 3. WebSocket 执行 α-6 runner ---
  [OK] 已连接内核
  内联注入: ['cloud_payload_x1.py', 'cloud_runner_x1.py'] (8408 字符)
  execute_reply status=ok exec_count=0
  stdout 落原件: x1_research_stdout_20260818T151232Z.txt (9071 字符)

--- 4. 节点状态（执行后）---
  [after ] backtest  BN-1b212dcdcde815afe8432ca9c9daf1f3      busy=False usedBy='-'
  [after ] research  RN-cfd071182d13803f49be6fa37a5d8b5c      busy=True  usedBy='Archisen Kong'

======================================================================
=== X-1-乙 结果（双值并列，KD-P2-06 已采纳）===
======================================================================
  fixture      : X1_SYNTH_ES_001
  engine       : v1.3 (续3 美式切片, CRR)
  engine_sha256: d88a955e45dddaa5a11f02c9237cb5e178bdfca6335a670ecdf21414dca682cf
  x1_synth exit: 0  report_bytes=6170

  --- 环境指纹四项 ---
    python   : CPython 3.11.14 (build ['main', 'Oct 21 2025 18:31:21'], GCC 11.2.0)
    platform : Linux-5.15.0-187-generic-x86_64-with-glibc2.35
    machine  : x86_64
    libc_ver : ['glibc', '2.35']
    libm digest : 6494f0068d8f5f1da5da22964d9f842d8672358436eca3b72ea9e1f6580bf789
  --- libm 探针逐条（IEEE754 hex）---
    erf(0.7)               0x1.5b08c21171646p-1
    exp(-0.5)              0x1.368b2fc6f960ap-1
    exp(1)                 0x1.5bf0a8b145769p+1
    expm1(1e-8)            0x1.5798ee3fdb764p-27
    log(2)                 0x1.62e42fefa39efp-1
    pow(1.0000001,500)     0x1.000346e1b915ap+0
    sqrt(2)                0x1.6a09e667f3bcdp+0
  --- 引擎逐位输出 per_unit（repr / hex）---
    delta    -0.49081376310230534     -0x1.f697e213cdeb5p-2
    gamma    0.00573201514840477      0x1.77a7419a425c3p-8
    rho      -18.04847182317104       -0x1.20c68a63f4c10p+4
    theta    -2424.9461527073745      -0x1.2f1e46e20ae64p+11
    value    27.247943493957006       0x1.b3f79398dcd23p+4
    vega     229.24059828114807       0x1.ca7b2fb2aa027p+7
  --- 路由与状态 ---
    route_id                 american_crr_binomial
    computability_status     computed_with_open_dimensions
    unstated_dimensions_hit  ['day_count_convention']

落位: D:\02 VolConvexityStrategy\【Strategy】VolConvesity\vol_convexity_spec(version.alpha)\00_alpha\9.QC环境探测\曳光弹（第二发-QC+IBKR）\p2prime_workdir\probe\raw
