=== P2' §5-1 基线快照 · 只读 ===
捕获时刻(UTC): 20260818T134301Z
PROJECT_ID = 35174460  (TR2-ENV-PROBE, 遗留物, E1-17)
ORG_ID     = 954877bda8b6760ae398418ce79a5500
破坏性动作: 零 push / 零 delete / 零 set / 零 create

========================================================================
=== projects.get_all() — 账户下全部云端项目   [A]
========================================================================
[FAIL] TypeError: ProjectClient.get_all() missing 1 required positional argument: 'organization_id'
    [WROTE] 01_projects_all_ERROR_20260818T134301Z.json  (739 bytes, leak-scan hits=0)

========================================================================
=== files.get_all(35174460) — TR2-ENV-PROBE 文件清单   [A]
========================================================================
[OK] list, 2 项
    [WROTE] 02_project_files_20260818T134301Z.json  (26593 bytes, leak-scan hits=0)

========================================================================
=== nodes.get_all(ORG_ID) — 节点与配额   [A]
========================================================================
[OK] 单对象
    [WROTE] 03_nodes_all_20260818T134301Z.json  (1549 bytes, leak-scan hits=0)

========================================================================
=== object-store list — 云端 Object Store 清单   [A]
========================================================================
[FAIL] TypeError: ObjectStoreClient.list() missing 1 required positional argument: 'organization_id'
    [WROTE] 04_object_store_list_ERROR_20260818T134301Z.json  (821 bytes, leak-scan hits=0)

========================================================================
=== research/read — research 会话状态（B 类）   [B]
========================================================================
[FAIL] RequestFailedError: Timeout waiting for a node allocation, please retry. R-a3697c1266afadefa71cbe10f5604b45
    [WROTE] 05_research_read_ERROR_20260818T134301Z.json  (831 bytes, leak-scan hits=0)

========================================================================
=== §5-1 汇总 ===
  projects_all           FAIL  TypeError
  project_files          OK
  nodes_all              OK
  object_store_list      FAIL  TypeError
  research_read          FAIL  RequestFailedError

落位: D:\02 VolConvexityStrategy\【Strategy】VolConvesity\vol_convexity_spec(version.alpha)\00_alpha\9.QC环境探测\曳光弹（第二发-QC+IBKR）\p2prime_workdir\probe\raw
零写入云端 / 零删除 / 零遗留物触碰。
