[200] GET /api/status
      {"connections": 0, "kernels": 0, "last_activity": "2026-08-18T14:53:58.734686Z", "started": "2026-08-18T14:53:01.963603Z"}

[200] GET /api/kernelspecs
     default: python3
     spec: python3                display=Foundation-Py-Default
     spec: foundation-legacy      display=Foundation-Legacy
     spec: csharp                 display=Foundation-C#-Default
     spec: foundation-autogluon   display=Foundation-Autogluon

[200] GET /api/kernels
     list, 0 项

[200] GET /api/sessions
     list, 0 项

[404] GET /api/terminals
      <!DOCTYPE HTML>
<html>

<head>

    <meta charset="utf-8">

    <title>Jupyter Server</title>
    <link id="favicon" rel="shortcut icon" type="image/x-icon" href="/<REDACTED>/static/favicon.ico?v=<RED

[200] GET /api/contents
     notebook  research.ipynb                 1286

